../Core/Src/main.c:99:6:readNRF	16	static
../Core/Src/main.c:116:6:moveForward	8	static
../Core/Src/main.c:124:6:turnTractor	8	static
../Core/Src/main.c:136:6:ProcessCANMessage	16	static
../Core/Src/main.c:180:5:main	168	static
../Core/Src/main.c:371:6:SystemClock_Config	120	static
../Core/Src/main.c:436:13:MX_FDCAN1_Init	16	static
../Core/Src/main.c:524:13:MX_I2C4_Init	8	static
../Core/Src/main.c:572:13:MX_SPI5_Init	8	static
../Core/Src/main.c:620:13:MX_TIM16_Init	80	static
../Core/Src/main.c:683:13:MX_TIM17_Init	80	static
../Core/Src/main.c:746:13:MX_USART3_UART_Init	8	static
../Core/Src/main.c:794:13:MX_GPIO_Init	56	static
../Core/Src/main.c:835:13:Turning_SetAngle	32	static
../Core/Src/main.c:858:6:Error_Handler	4	static,ignoring_inline_asm
